// Jest Snapshot v1, https://goo.gl/fbAQLP

exports[`Header should match with snapshot 1`] = `
<body>
  <div>
    <div
      class="header"
    >
      <div
        data-testid="FetchInterval-test-id"
      />
      <div
        data-testid="TickerList-test-id"
      />
    </div>
  </div>
</body>
`;
